[www.lmelgar.me/africa-infant/index.html]
[backblue.gif]
[fade.gif]
[index.html]
[www.lmelgar.me/africa-infant/css/bootstrap.min.css]
[www.lmelgar.me/africa-infant/css/style.css]
[www.lmelgar.me/africa-infant/about.html]
[www.lmelgar.me/africa-infant/js/jquery.min.js]
[www.lmelgar.me/africa-infant/js/bootstrap.min.js]
[www.lmelgar.me/africa-infant/js/scripts.js]
[www.lmelgar.me/africa-infant/js/tooltip.js]
[www.lmelgar.me/africa-infant/js/d3-legend.min.js]
[www.lmelgar.me/africa-infant/js/isotope.pkgd.min.js]
[www.lmelgar.me/africa-infant/js/smallmult.js]
[www.lmelgar.me/africa-infant/js/map.js]
[www.lmelgar.me/africa-infant/js/linechart.js]
[www.lmelgar.me/africa-infant/js/scatterplot.js]
[www.lmelgar.me/africa-infant/js/bar1.js]
[www.lmelgar.me/africa-infant/index.html]
[www.lmelgar.me/africa-infant/fonts/glyphicons-halflings-regular.eot]
[www.lmelgar.me/africa-infant/fonts/glyphicons-halflings-regulard41d.eot]
[www.lmelgar.me/africa-infant/fonts/glyphicons-halflings-regular.woff2]
[www.lmelgar.me/africa-infant/fonts/glyphicons-halflings-regular.woff]
[www.lmelgar.me/africa-infant/fonts/glyphicons-halflings-regular.ttf]
[www.lmelgar.me/africa-infant/css/bootstrap.min.css]
[www.lmelgar.me/africa-infant/css/style.css]
[www.lmelgar.me/africa-infant/fonts/glyphicons-halflings-regular.svg]
[www.lmelgar.me/africa-infant/about.html]
[www.lmelgar.me/africa-infant/fonts/glyphicons-halflings-regular.svg]
[www.lmelgar.me/africa-infant/index-2.html]
[www.lmelgar.me/africa-infant/index-2.html]
